// Jest Snapshot v1, https://goo.gl/fbAQLP

exports[`render AddExpensePage 1`] = `
<div>
  <div
    className="page-header"
  >
    <div
      className="content-container"
    >
      <h1
        className="title"
      >
        Правка расхода
      </h1>
    </div>
  </div>
  <div
    className="content-container"
  >
    <ExpenseForm
      expense={
        Object {
          "amount": 4500,
          "createdAt": 345600000,
          "description": "Credit",
          "id": "3",
          "note": "",
        }
      }
      onSubmit={[Function]}
    />
    <button
      className="button red"
      onClick={[Function]}
    >
      Удалить
    </button>
  </div>
</div>
`;
