// Jest Snapshot v1, https://goo.gl/fbAQLP

exports[`header expense list 1`] = `
<div
  className="content-container"
>
  <div
    className="list-header"
  >
    <div
      className="show-for-mobile"
    >
      Расходы
    </div>
    <div
      className="show-for-desktop"
    >
      Расходы
    </div>
    <div
      className="show-for-desktop"
    >
      Сумма
    </div>
  </div>
  <div
    className="list-body"
  >
    <ExpenseListItem
      amount={195}
      createdAt={0}
      description="Gum"
      id="1"
      key="1"
      note=""
    />
    <ExpenseListItem
      amount={109500}
      createdAt={-345600000}
      description="Rent"
      id="2"
      key="2"
      note=""
    />
    <ExpenseListItem
      amount={4500}
      createdAt={345600000}
      description="Credit"
      id="3"
      key="3"
      note=""
    />
  </div>
</div>
`;
