// Jest Snapshot v1, https://goo.gl/fbAQLP

exports[`header expense list item 1`] = `
<Link
  className="list-item"
  replace={false}
  to="/edit/1"
>
  <div>
    <h3
      className="title"
    >
      Gum
    </h3>
    <span
      className="sub-title"
    >
      January 1, 1970
    </span>
  </div>
  <h3
    className="data"
  >
    1.95 $
  </h3>
</Link>
`;
