// Jest Snapshot v1, https://goo.gl/fbAQLP

exports[`dashboard page 1`] = `
<div>
  <Connect(Component) />
</div>
`;
