// Jest Snapshot v1, https://goo.gl/fbAQLP

exports[`header render 1`] = `
<header
  className="header"
>
  <div
    className="content-container"
  >
    <div
      className="content"
    >
      <Link
        className="title"
        replace={false}
        to="/dashboard"
      >
        <h1>
          Учет расходов
        </h1>
      </Link>
      <button
        className="button link"
        onClick={[Function]}
      >
        Выйти
      </button>
    </div>
  </div>
</header>
`;
